// Jest Snapshot v1, https://goo.gl/fbAQLP

exports[`renders correctly App component 1`] = `
<div
  className="main-container"
>
  <div
    className="nav-bar"
  >
    <h2>
      Math Magician
    </h2>
    <div
      className="nav"
    >
      <a
        href="/"
        onClick={[Function]}
      >
        Home
      </a>
      <span
        className="vertical-bar"
      />
      <a
        href="/calculator"
        onClick={[Function]}
      >
        Calculator
      </a>
      <span
        className="vertical-bar"
      />
      <a
        href="/quotes"
        onClick={[Function]}
      >
        Quotes
      </a>
    </div>
  </div>
  <section
    className="home-section"
  >
    <h2
      className="home-title"
    >
      Welcome to Math Magician
    </h2>
    <div
      className="paragraph"
    >
      <p>
        This calculator will help you make basic math calculation. It is build to make it easy for all fun of maths to do their calculation easily.
      </p>
      <p>
        This application will give chance to student and small business owner do calculations. For student, it will help them do math that is complicated to do by themselves otherwise it is not a good idea for student to use calculators it prevents developing thinking skills
      </p>
    </div>
  </section>
</div>
`;
